npx : [WARNING] The `siteCon
fig.onBrokenMarkdownLinks` 
config option is deprecated 
and will be removed in 
Docusaurus v4.
At line:1 char:1
+ npx docusaurus build > 
build_output.txt 2>&1; type 
build_output.txt
+ ~~~~~~~~~~~~~~~~~~~~~~~~~~
~~~~~~~~~~~~~~~~~~
    + CategoryInfo          
    : NotSpecified: ([WARN  
  ING] The `... Docusauru   
 s v4.:String) [], Remot    
eException
    + FullyQualifiedErrorId 
    : NativeCommandError
 
Please migrate and move 
this option to `siteConfig.m
arkdown.hooks.onBrokenMarkdo
wnLinks` instead.
[INFO] [en] Creating an optimized production build...
[WARNING] The `siteConfig.on
BrokenMarkdownLinks` config 
option is deprecated and 
will be removed in 
Docusaurus v4.
Please migrate and move 
this option to `siteConfig.m
arkdown.hooks.onBrokenMarkdo
wnLinks` instead.
[ERROR] Loading of version 
failed for version current

[ERROR] Error: Unable to 
build website for locale en.
    at tryToBuildLocale (C:\
artificial_intelligence\piai
c_panaviersty\projects_start
\hackataon_1\node_modules\@d
ocusaurus\core\lib\commands\
build\build.js:83:15)
    at process.processTicksA
ndRejections (node:internal/
process/task_queues:95:5)
    at async C:\artificial_i
ntelligence\piaic_panavierst
y\projects_start\hackataon_1
\node_modules\@docusaurus\co
re\lib\commands\build\build.
js:35:9
    at async 
mapAsyncSequential (C:\artif
icial_intelligence\piaic_pan
aviersty\projects_start\hack
ataon_1\node_modules\@docusa
urus\utils\lib\jsUtils.js:21
:24)
    at async Command.build (
C:\artificial_intelligence\p
iaic_panaviersty\projects_st
art\hackataon_1\node_modules
\@docusaurus\core\lib\comman
ds\build\build.js:34:5)
    at async Promise.all 
(index 0)
    at async runCLI (C:\arti
ficial_intelligence\piaic_pa
naviersty\projects_start\hac
kataon_1\node_modules\@docus
aurus\core\lib\commands\cli.
js:56:5)
    at async file:///C:/arti
ficial_intelligence/piaic_pa
naviersty/projects_start/hac
kataon_1/node_modules/@docus
aurus/core/bin/docusaurus.mj
s:44:3 {
  [cause]: Error: Can't 
process doc metadata for 
doc at path path=C:\artifici
al_intelligence\piaic_panavi
ersty\projects_start\hackata
on_1\docs\intro.md in 
version name=current
      at processDocMetadata 
(C:\artificial_intelligence\
piaic_panaviersty\projects_s
tart\hackataon_1\node_module
s\@docusaurus\plugin-content
-docs\lib\docs.js:152:15)
      at process.processTick
sAndRejections (node:interna
l/process/task_queues:95:5)
      at async Promise.all 
(index 0)
      ... 3 lines matching 
cause stack trace ...
      at async Promise.all 
(index 0)
      at async 
Object.loadContent (C:\artif
icial_intelligence\piaic_pan
aviersty\projects_start\hack
ataon_1\node_modules\@docusa
urus\plugin-content-docs\lib
\index.js:152:33)
      at async C:\artificial
_intelligence\piaic_panavier
sty\projects_start\hackataon
_1\node_modules\@docusaurus\
core\lib\server\plugins\plug
ins.js:40:23
      at async Promise.all 
(index 1) {
    [cause]: Error: An 
error occurred when trying 
to get the last update date
        at getGitLastUpdate 
(C:\artificial_intelligence\
piaic_panaviersty\projects_s
tart\hackataon_1\node_module
s\@docusaurus\utils\lib\last
UpdateUtils.js:46:19)
        at process.processTi
cksAndRejections (node:inter
nal/process/task_queues:95:5
)
        at async 
readLastUpdateData (C:\artif
icial_intelligence\piaic_pan
aviersty\projects_start\hack
ataon_1\node_modules\@docusa
urus\utils\lib\lastUpdateUti
ls.js:99:36)
        at async 
doProcessDocMetadata (C:\art
ificial_intelligence\piaic_p
anaviersty\projects_start\ha
ckataon_1\node_modules\@docu
saurus\plugin-content-docs\l
ib\docs.js:53:24)
        at async 
processDocMetadata (C:\artif
icial_intelligence\piaic_pan
aviersty\projects_start\hack
ataon_1\node_modules\@docusa
urus\plugin-content-docs\lib
\docs.js:149:16)
        at async 
Promise.all (index 0)
        at async 
loadVersionDocsBase (C:\arti
ficial_intelligence\piaic_pa
naviersty\projects_start\hac
kataon_1\node_modules\@docus
aurus\plugin-content-docs\li
b\versions\loadVersion.js:63
:18)
        at async 
doLoadVersion (C:\artificial
_intelligence\piaic_panavier
sty\projects_start\hackataon
_1\node_modules\@docusaurus\
plugin-content-docs\lib\vers
ions\loadVersion.js:72:22)
        at async 
loadVersion (C:\artificial_i
ntelligence\piaic_panavierst
y\projects_start\hackataon_1
\node_modules\@docusaurus\pl
ugin-content-docs\lib\versio
ns\loadVersion.js:119:16)
        at async 
Promise.all (index 0) {
      [cause]: Error: 
Command failed with exit 
code 128: git -c 
log.showSignature=false log 
--format=RESULT:%ct,%an 
--max-count=1 -- "intro.md"
      fatal: not a git 
repository (or any of the 
parent directories): .git
          at makeError (C:\a
rtificial_intelligence\piaic
_panaviersty\projects_start\
hackataon_1\node_modules\exe
ca\lib\error.js:60:11)
          at handlePromise (
C:\artificial_intelligence\p
iaic_panaviersty\projects_st
art\hackataon_1\node_modules
\execa\index.js:118:26)
          at process.process
TicksAndRejections (node:int
ernal/process/task_queues:95
:5)
          at async run (C:\a
rtificial_intelligence\piaic
_panaviersty\projects_start\
hackataon_1\node_modules\p-q
ueue\dist\index.js:163:29) {
        shortMessage: 
'Command failed with exit 
code 128: git -c 
log.showSignature=false log 
--format=RESULT:%ct,%an 
--max-count=1 -- 
"intro.md"',
        command: 'git -c 
log.showSignature=false log 
--format=RESULT:%ct,%an 
--max-count=1 -- 
"intro.md"',
        escapedCommand: 
'"git -c 
log.showSignature=false log 
--format=RESULT:%ct,%an 
--max-count=1 -- 
\\"intro.md\\""',
        exitCode: 128,
        signal: undefined,
        signalDescription: 
undefined,
        stdout: '',
        stderr: 'fatal: not 
a git repository (or any of 
the parent directories): 
.git',
        failed: true,
        timedOut: false,
        isCanceled: false,
        killed: false
      }
    }
  }
}
[INFO] Docusaurus version: 3.9.2
Node version: v20.20.0
